contract_id TEXT,
merchant_id TEXT,
user_id TEXT,
agreement_to_terms TEXT,
ip_address TEXT,
agreed_at TEXT,
bank_account_details_verified TEXT,
advance TEXT,
estimated_term TEXT,
agreement_text TEXT,
tos_url TEXT,
company_name TEXT,
user_name TEXT,
created_at TEXT,
disbursed_at TEXT,
activated_at TEXT,
completed_at TEXT,
contract_num TEXT,
new_repaypc TEXT,
new_repaypc_at TEXT,
rejected TEXT,
posted_at TEXT,
offer_id TEXT,
transferred_to TEXT,
transfer_date TEXT,
readvance TEXT,
discount TEXT,
discount_pc TEXT,
stacking_response TEXT,
1::numeric + price TEXT,
rejection_reconsidered_on TEXT,
active TEXT,
declined TEXT,
capital_carried TEXT,
declined_at TEXT,
payment_percentage TEXT,
debit_order TEXT,
processing_fee TEXT,
total_payable TEXT,
close_reason TEXT,
agreement_to_bureau_terms TEXT,
bureau_text TEXT,
debit_order_day TEXT,
debit_order_frequency TEXT,
last_modified_date TEXT,
last_login_date TEXT,
user_agent TEXT,
longitude TEXT,
latitude TEXT,
inserted_at TEXT,
billing_no TEXT,
comp_type TEXT,
address TEXT,
accepted TEXT,
fee TEXT,
firstname TEXT,
surname TEXT,
mobile_number TEXT,
email TEXT,
id_number TEXT,
create_date TEXT,
trading_name TEXT,
addr_line_1 TEXT,
addr_line_2 TEXT,
addr_city TEXT,
addr_region TEXT,
addr_country TEXT,
addr_postalcode TEXT,
vat_number TEXT,
bank_id TEXT,
bank_account_type TEXT,
bank_branch_code TEXT,
bank_account_number TEXT,
entity_type TEXT,
company_trading_name TEXT,
merchant_classification TEXT,
category TEXT,
sub_category TEXT,
company_reg_name TEXT,
company_reg_number TEXT,
sf_account_id TEXT,
sf_bank_id TEXT,
sf_contact_id TEXT,
sf_ownership_id TEXT,
sf_bank_val TEXT,
partner_sub_category TEXT,
industry_sector TEXT,
industry_grouping TEXT,
industry_classification TEXT,
industry_other_classification TEXT,
industry TEXT,
rc_number TEXT,
province TEXT
contract_id TEXT,
merchant_id TEXT,
user_id TEXT,
agreement_to_terms TEXT,
ip_address TEXT,
agreed_at TEXT,
bank_account_details_verified TEXT,
advance TEXT,
estimated_term TEXT,
agreement_text TEXT,
tos_url TEXT,
company_name TEXT,
user_name TEXT,
created_at TEXT,
disbursed_at TEXT,
activated_at TEXT,
completed_at TEXT,
contract_num TEXT,
new_repaypc TEXT,
new_repaypc_at TEXT,
rejected TEXT,
posted_at TEXT,
offer_id TEXT,
transferred_to TEXT,
transfer_date TEXT,
readvance TEXT,
discount TEXT,
discount_pc TEXT,
stacking_response TEXT,
1::numeric + price TEXT,
rejection_reconsidered_on TEXT,
active TEXT,
declined TEXT,
capital_carried TEXT,
declined_at TEXT,
payment_percentage TEXT,
debit_order TEXT,
processing_fee TEXT,
total_payable TEXT,
close_reason TEXT,
agreement_to_bureau_terms TEXT,
bureau_text TEXT,
debit_order_day TEXT,
debit_order_frequency TEXT,
last_modified_date TEXT,
last_login_date TEXT,
user_agent TEXT,
longitude TEXT,
latitude TEXT,
inserted_at TEXT,
billing_no TEXT,
comp_type TEXT,
address TEXT,
accepted TEXT,
fee TEXT,
firstname TEXT,
surname TEXT,
mobile_number TEXT,
email TEXT,
id_number TEXT,
create_date TEXT,
trading_name TEXT,
addr_line_1 TEXT,
addr_line_2 TEXT,
addr_city TEXT,
addr_region TEXT,
addr_country TEXT,
addr_postalcode TEXT,
vat_number TEXT,
bank_id TEXT,
bank_account_type TEXT,
bank_branch_code TEXT,
bank_account_number TEXT,
entity_type TEXT,
company_trading_name TEXT,
merchant_classification TEXT,
category TEXT,
sub_category TEXT,
company_reg_name TEXT,
company_reg_number TEXT,
sf_account_id TEXT,
sf_bank_id TEXT,
sf_contact_id TEXT,
sf_ownership_id TEXT,
sf_bank_val TEXT,
partner_sub_category TEXT,
industry_sector TEXT,
industry_grouping TEXT,
industry_classification TEXT,
industry_other_classification TEXT,
industry TEXT,
rc_number TEXT,
province TEXT
Hello World
